BL51 BANKED LINKER/LOCATER V6.22                                                        03/05/2015  22:21:41  PAGE 1


BL51 BANKED LINKER/LOCATER V6.22, INVOKED BY:
C:\KEIL\C51\BIN\BL51.EXE .\OUT\LED_TEST.obj, .\OUT\STARTUP.obj, .\OUT\Conf_tny.obj, .\OUT\led_display.obj TO .\OUT\LED_T
>> EST RTX51TINY PRINT (.\LED_TEST.m51) RAMSIZE (256)


MEMORY MODEL: SMALL


INPUT MODULES INCLUDED:
  .\OUT\LED_TEST.obj (LED_TEST)
  .\OUT\STARTUP.obj (?C_STARTUP)
  .\OUT\Conf_tny.obj (?RTX51_TINY_KERNAL)
  .\OUT\led_display.obj (LED_DISPLAY)
  C:\KEIL\C51\LIB\RTX51TNY.LIB (?RTX51_TINY_OS_CREATE)
  C:\KEIL\C51\LIB\RTX51TNY.LIB (?RTX51_TINY_OS_DELETE)
  C:\KEIL\C51\LIB\RTX51TNY.LIB (?RTX51_TINY_OS_WAIT)
  C:\KEIL\C51\LIB\C51S.LIB (?C_INIT)
  C:\KEIL\C51\LIB\C51S.LIB (?C?CLDPTR)


TASK TABLE OF MODULE:  .\OUT\LED_TEST (LED_TEST)

TASKID   PRIORITY   REG-BANK   SEGMENT NAME
-------------------------------------------
0        0          0          ?PR?INIT1?LED_TEST
1        0          0          ?PR?LED_DISPLAY?LED_TEST
2        0          0          ?PR?CLOCK?LED_TEST
3        0          0          ?PR?LED_SS?LED_TEST



LINK MAP OF MODULE:  .\OUT\LED_TEST (LED_TEST)


            TYPE    BASE      LENGTH    RELOCATION   SEGMENT NAME
            -----------------------------------------------------

            * * * * * * *   D A T A   M E M O R Y   * * * * * * *
            REG     0000H     0008H     ABSOLUTE     "REG BANK 0"
            DATA    0008H     0005H     ABSOLUTE     
            DATA    000DH     000BH     UNIT         ?DT?LED_TEST
            DATA    0018H     0008H     UNIT         ?DT?LED_DISPLAY
            BIT     0020H.0   0000H.1   UNIT         ?RTX?BITS
                    0020H.1   0000H.7                *** GAP ***
            DATA    0021H     0003H     UNIT         ?DT?_LEDDISPLAYPUTS?LED_DISPLAY
            DATA    0024H     0002H     UNIT         _DATA_GROUP_
            IDATA   0026H     0008H     UNIT         ?RTX?TASKSTATE?S
            IDATA   002EH     0004H     UNIT         ?RTX?TASKSP?S
            IDATA   0032H     0001H     UNIT         ?STACK

            * * * * * * *   C O D E   M E M O R Y   * * * * * * *
            CODE    0000H     0003H     ABSOLUTE     
            CODE    0003H     0008H     UNIT         ?RTX?TASKENT?S
            CODE    000BH     0003H     ABSOLUTE     
            CODE    000EH     0293H     UNIT         ?RTX?CODE
            CODE    02A1H     00C2H     INBLOCK      ?PR?CLOCK?LED_TEST
            CODE    0363H     008CH     UNIT         ?C_C51STARTUP
            CODE    03EFH     0080H     INBLOCK      ?PR?_LEDDISPLAYPUTS?LED_DISPLAY
BL51 BANKED LINKER/LOCATER V6.22                                                      03/05/2015  22:21:41  PAGE 2


            CODE    046FH     0046H     UNIT         ?CO?LED_DISPLAY
            CODE    04B5H     003CH     INBLOCK      ?PR?LED_SS?LED_TEST
            CODE    04F1H     0038H     INBLOCK      ?PR?LEDDISPLAYSCAN?LED_DISPLAY
            CODE    0529H     0019H     UNIT         ?C?LIB_CODE
            CODE    0542H     0012H     INBLOCK      ?PR?INIT1?LED_TEST
            CODE    0554H     000DH     INBLOCK      ?PR?LED_DISPLAY?LED_TEST
            CODE    0561H     0009H     UNIT         ?C_INITSEG
            CODE    056AH     0003H     INBLOCK      ?PR?LEDDISPLAYINIT?LED_DISPLAY



OVERLAY MAP OF MODULE:   .\OUT\LED_TEST (LED_TEST)


SEGMENT                                   DATA_GROUP 
  +--> CALLED SEGMENT                   START    LENGTH
-------------------------------------------------------
?PR?INIT1?LED_TEST                      -----    -----
  +--> ?PR?LEDDISPLAYINIT?LED_DISPLAY

*** NEW ROOT ***************************************************

?PR?LED_DISPLAY?LED_TEST                -----    -----
  +--> ?PR?LEDDISPLAYSCAN?LED_DISPLAY

?PR?LEDDISPLAYSCAN?LED_DISPLAY          -----    -----
  +--> ?CO?LED_DISPLAY

*** NEW ROOT ***************************************************

?PR?LED_SS?LED_TEST                     0024H    0002H

*** NEW ROOT ***************************************************

?C_C51STARTUP                           -----    -----
  +--> ?C_INITSEG



SYMBOL TABLE OF MODULE:  .\OUT\LED_TEST (LED_TEST)

  VALUE           TYPE          NAME
  ----------------------------------

  -------         MODULE        LED_TEST
  C:0000H         SYMBOL        _ICE_DUMMY_
  D:0090H         PUBLIC        P1
  D:00B0H         PUBLIC        P3
  D:00A8H         PUBLIC        IE
  C:02A1H         PUBLIC        clock
  D:000DH         PUBLIC        ctime
  D:00B8H         PUBLIC        IP
  C:0554H         PUBLIC        LED_display
  D:0098H         PUBLIC        SCON
  D:0088H         PUBLIC        TCON
  C:0542H         PUBLIC        Init1
  C:04B5H         PUBLIC        LED_SS
BL51 BANKED LINKER/LOCATER V6.22                                                      03/05/2015  22:21:41  PAGE 3


  D:00C8H         PUBLIC        T2CON
  D:0010H         PUBLIC        i
  D:0012H         PUBLIC        j
  D:0014H         PUBLIC        m
  D:0016H         PUBLIC        n
  D:00D0H         PUBLIC        PSW
  -------         PROC          INIT1
  C:0542H         LINE#         14
  C:0542H         LINE#         17
  C:0544H         LINE#         19
  C:0548H         LINE#         20
  C:054CH         LINE#         21
  C:0550H         LINE#         22
  -------         ENDPROC       INIT1
  -------         PROC          LED_DISPLAY
  C:0554H         LINE#         24
  C:0554H         LINE#         27
  C:0554H         LINE#         28
  C:0554H         LINE#         30
  C:0556H         LINE#         32
  C:055FH         LINE#         33
  -------         ENDPROC       LED_DISPLAY
  -------         PROC          CLOCK
  C:02A1H         LINE#         35
  C:02A1H         LINE#         37
  C:02A1H         LINE#         38
  C:02A1H         LINE#         39
  C:02A8H         LINE#         40
  C:02ABH         LINE#         41
  C:02B2H         LINE#         42
  C:02B5H         LINE#         43
  C:02BCH         LINE#         44
  C:02BFH         LINE#         45
  C:02BFH         LINE#         46
  C:02BFH         LINE#         47
  C:02BFH         LINE#         48
  C:02C7H         LINE#         49
  C:02D0H         LINE#         50
  C:02D3H         LINE#         51
  C:02DBH         LINE#         52
  C:02E4H         LINE#         53
  C:02ECH         LINE#         54
  C:02F5H         LINE#         55
  C:02FEH         LINE#         56
  C:0307H         LINE#         57
  C:0310H         LINE#         58
  C:0319H         LINE#         59
  C:0322H         LINE#         60
  C:032BH         LINE#         61
  C:0334H         LINE#         62
  C:033DH         LINE#         63
  C:0346H         LINE#         64
  C:034FH         LINE#         65
  C:0358H         LINE#         66
  C:0361H         LINE#         67
  -------         ENDPROC       CLOCK
  -------         PROC          LED_SS
BL51 BANKED LINKER/LOCATER V6.22                                                      03/05/2015  22:21:41  PAGE 4


  -------         DO            
  D:0024H         SYMBOL        css
  -------         ENDDO         
  C:04B5H         LINE#         69
  C:04B5H         LINE#         71
  C:04BBH         LINE#         73
  C:04BEH         LINE#         75
  C:04BEH         LINE#         76
  C:04BEH         LINE#         77
  C:04C3H         LINE#         79
  C:04CBH         LINE#         80
  C:04D0H         LINE#         81
  C:04D2H         LINE#         82
  C:04D2H         LINE#         83
  C:04DDH         LINE#         84
  C:04DDH         LINE#         86
  C:04E6H         LINE#         87
  C:04EFH         LINE#         88
  -------         ENDPROC       LED_SS
  -------         ENDMOD        LED_TEST

  -------         MODULE        ?C_STARTUP
  C:0363H         SEGMENT       ?C_C51STARTUP
  I:0032H         SEGMENT       ?STACK
  C:0000H         PUBLIC        ?C_STARTUP
  D:00E0H         SYMBOL        ACC
  D:00F0H         SYMBOL        B
  D:0083H         SYMBOL        DPH
  D:0082H         SYMBOL        DPL
  N:0000H         SYMBOL        IBPSTACK
  N:0100H         SYMBOL        IBPSTACKTOP
  N:0080H         SYMBOL        IDATALEN
  C:0366H         SYMBOL        IDATALOOP
  N:0000H         SYMBOL        PBPSTACK
  N:0100H         SYMBOL        PBPSTACKTOP
  N:0000H         SYMBOL        PDATALEN
  N:0000H         SYMBOL        PDATASTART
  N:0000H         SYMBOL        PPAGE
  N:0000H         SYMBOL        PPAGEENABLE
  D:00A0H         SYMBOL        PPAGE_SFR
  D:0081H         SYMBOL        SP
  C:0363H         SYMBOL        STARTUP1
  N:0000H         SYMBOL        XBPSTACK
  N:0000H         SYMBOL        XBPSTACKTOP
  N:0000H         SYMBOL        XDATALEN
  N:0000H         SYMBOL        XDATASTART
  C:0000H         LINE#         126
  C:0363H         LINE#         133
  C:0365H         LINE#         134
  C:0366H         LINE#         135
  C:0367H         LINE#         136
  C:0369H         LINE#         185
  C:036CH         LINE#         196
  -------         ENDMOD        ?C_STARTUP

  -------         MODULE        ?RTX51_TINY_KERNAL
  C:0003H         SEGMENT       ?RTX?TASKENT?S
BL51 BANKED LINKER/LOCATER V6.22                                                      03/05/2015  22:21:41  PAGE 5


  I:002EH         SEGMENT       ?RTX?TASKSP?S
  I:0026H         SEGMENT       ?RTX?TASKSTATE?S
  B:0020H.0       SEGMENT       ?RTX?BITS
  C:000EH         SEGMENT       ?RTX?CODE
  C:0059H         PUBLIC        ?RTX?SET_ISR
  D:000CH         PUBLIC        ?RTX_CURRENTTASK
  D:0007H         PUBLIC        ?RTX_NEXTID
  C:007BH         PUBLIC        ?RTX_NEXTTASK
  N:00FFH         PUBLIC        ?RTX_RAMTOP
  C:0003H         PUBLIC        ?RTX_TASKENTRY
  C:012FH         PUBLIC        ?RTX_TASKIDX
  I:002EH         PUBLIC        ?RTX_TASKSP
  I:0026H         PUBLIC        ?RTX_TASKSTATUS
  C:00F6H         PUBLIC        MAIN
  C:005CH         PUBLIC        OS_SWITCH_TASK
  C:0063H         SYMBOL        ?C0001
  C:0077H         SYMBOL        ?C0003
  C:007CH         SYMBOL        ?C0005
  C:0096H         SYMBOL        ?C0007
  C:0098H         SYMBOL        ?C0009
  C:00A2H         SYMBOL        ?C0011
  C:00CFH         SYMBOL        ?C0012
  C:00B5H         SYMBOL        ?C0013
  C:00BAH         SYMBOL        ?C0015
  C:00C5H         SYMBOL        ?C0016
  N:0000H         SYMBOL        ?RTX51_TINY_KERNAL
  N:FC18H         SYMBOL        ?RTX_CLOCK
  B:0020H.0       SYMBOL        ?RTX_ISR_SIG
  N:0008H         SYMBOL        ?RTX_REGISTERBANK
  D:000AH         SYMBOL        ?RTX_SAVEACC
  D:000BH         SYMBOL        ?RTX_SAVEPSW
  C:000EH         SYMBOL        ?RTX_STACKERROR
  D:00E0H         SYMBOL        ACC
  D:00F0H         SYMBOL        B
  N:0005H         SYMBOL        B_ACTIVE
  N:0007H         SYMBOL        B_IVL
  N:0007H         SYMBOL        B_RDY
  N:0004H         SYMBOL        B_READY
  N:0006H         SYMBOL        B_ROBIN
  N:0002H         SYMBOL        B_SIGNAL
  N:0003H         SYMBOL        B_TIMEOUT
  N:0000H         SYMBOL        B_WAITSIG
  N:0001H         SYMBOL        B_WAITTIM
  C:0037H         SYMBOL        CHECKSTACK
  N:0000H         SYMBOL        CODE_BANKING
  N:0001H         SYMBOL        CPU_IDLE_CODE
  D:0083H         SYMBOL        DPH
  D:0082H         SYMBOL        DPL
  B:00A8H.7       SYMBOL        EA
  B:00A8H.4       SYMBOL        ES
  B:00A8H.1       SYMBOL        ET0
  B:00A8H.3       SYMBOL        ET1
  B:00A8H.0       SYMBOL        EX0
  B:00A8H.2       SYMBOL        EX1
  N:0014H         SYMBOL        FREE_STACK
  C:0012H         SYMBOL        HW_TIMER
  D:00A8H         SYMBOL        IE
BL51 BANKED LINKER/LOCATER V6.22                                                      03/05/2015  22:21:41  PAGE 6


  B:0088H.1       SYMBOL        IE0
  B:0088H.3       SYMBOL        IE1
  N:03E8H         SYMBOL        INT_CLOCK
  N:0001H         SYMBOL        INT_REGBANK
  B:0088H.0       SYMBOL        IT0
  B:0088H.2       SYMBOL        IT1
  N:0020H         SYMBOL        K_ACTIVE
  N:0080H         SYMBOL        K_IVL
  N:0080H         SYMBOL        K_RDY
  N:0010H         SYMBOL        K_READY
  N:0040H         SYMBOL        K_ROBIN
  N:0001H         SYMBOL        K_SIG
  N:0002H         SYMBOL        K_TMO
  N:0000H         SYMBOL        LONG_USR_INTR
  C:00FFH         SYMBOL        MAIN1
  C:0109H         SYMBOL        MAIN1X
  C:0104H         SYMBOL        MAIN2
  C:00ECH         SYMBOL        NOEVENT
  C:0070H         SYMBOL        NOIDLE
  C:0053H         SYMBOL        NOTIMEOUT
  C:0051H         SYMBOL        NOWAITTIMEOUT
  C:005CH         SYMBOL        OS_SWITCH_TASK1
  D:0087H         SYMBOL        PCON
  D:00D0H         SYMBOL        PSW
  N:00FFH         SYMBOL        RAMTOP
  N:0080H         SYMBOL        RDY_EVENT
  C:00E0H         SYMBOL        SIGNALOFF
  C:00ECH         SYMBOL        SIGNALON
  N:0004H         SYMBOL        SIG_EVENT
  D:0081H         SYMBOL        SP
  I:0027H         SYMBOL        TASKSTATE
  D:0088H         SYMBOL        TCON
  B:0088H.5       SYMBOL        TF0
  B:0088H.7       SYMBOL        TF1
  D:008CH         SYMBOL        TH0
  D:008DH         SYMBOL        TH1
  C:00E8H         SYMBOL        TIMEOUTON
  C:0013H         SYMBOL        TIMERINT
  C:0043H         SYMBOL        TIMERLOOP
  I:0026H         SYMBOL        TIMERVAL
  N:0000H         SYMBOL        TIMESHARING
  D:008AH         SYMBOL        TL0
  D:008BH         SYMBOL        TL1
  D:0089H         SYMBOL        TMOD
  N:0008H         SYMBOL        TMO_EVENT
  B:0088H.4       SYMBOL        TR0
  B:0088H.6       SYMBOL        TR1
  C:000BH         LINE#         271
  C:000EH         LINE#         279
  C:0010H         LINE#         279
  C:0012H         LINE#         282
  C:0013H         LINE#         299
  C:0016H         LINE#         301
  C:0019H         LINE#         302
  C:001CH         LINE#         303
  C:001DH         LINE#         305
  C:001FH         LINE#         306
BL51 BANKED LINKER/LOCATER V6.22                                                      03/05/2015  22:21:41  PAGE 7


  C:0021H         LINE#         307
  C:0023H         LINE#         308
  C:0025H         LINE#         309
  C:0027H         LINE#         310
  C:0029H         LINE#         311
  C:002BH         LINE#         312
  C:002DH         LINE#         316
  C:002EH         LINE#         317
  C:0030H         LINE#         318
  C:0031H         LINE#         319
  C:0032H         LINE#         320
  C:0035H         LINE#         321
  C:0037H         LINE#         322
  C:0038H         LINE#         323
  C:003AH         LINE#         324
  C:003DH         LINE#         325
  C:003FH         LINE#         329
  C:0041H         LINE#         330
  C:0043H         LINE#         331
  C:0044H         LINE#         332
  C:0045H         LINE#         333
  C:0046H         LINE#         334
  C:0048H         LINE#         335
  C:004AH         LINE#         336
  C:004BH         LINE#         337
  C:004EH         LINE#         338
  C:0050H         LINE#         339
  C:0051H         LINE#         340
  C:0053H         LINE#         341
  C:0054H         LINE#         342
  C:0056H         LINE#         344
  C:0057H         LINE#         345
  C:0059H         LINE#         352
  C:005BH         LINE#         354
  C:005CH         LINE#         426
  C:005EH         LINE#         427
  C:005FH         LINE#         429
  C:0060H         LINE#         430
  C:0062H         LINE#         431
  C:0063H         LINE#         434
  C:0064H         LINE#         435
  C:0065H         LINE#         436
  C:0066H         LINE#         438
  C:0067H         LINE#         439
  C:006AH         LINE#         440
  C:006DH         LINE#         441
  C:0070H         LINE#         444
  C:0073H         LINE#         445
  C:0075H         LINE#         446
  C:0077H         LINE#         449
  C:0078H         LINE#         450
  C:007BH         LINE#         458
  C:007CH         LINE#         462
  C:007EH         LINE#         463
  C:007FH         LINE#         464
  C:0080H         LINE#         465
  C:0082H         LINE#         468
BL51 BANKED LINKER/LOCATER V6.22                                                      03/05/2015  22:21:41  PAGE 8


  C:0084H         LINE#         470
  C:0086H         LINE#         471
  C:0088H         LINE#         472
  C:0089H         LINE#         473
  C:008AH         LINE#         474
  C:008BH         LINE#         476
  C:008DH         LINE#         478
  C:008EH         LINE#         479
  C:008FH         LINE#         480
  C:0091H         LINE#         481
  C:0094H         LINE#         482
  C:0096H         LINE#         484
  C:0097H         LINE#         485
  C:0098H         LINE#         490
  C:0099H         LINE#         491
  C:009AH         LINE#         492
  C:009CH         LINE#         496
  C:009DH         LINE#         497
  C:009EH         LINE#         498
  C:00A0H         LINE#         499
  C:00A2H         LINE#         505
  C:00A4H         LINE#         506
  C:00A5H         LINE#         507
  C:00A6H         LINE#         508
  C:00A8H         LINE#         510
  C:00AAH         LINE#         511
  C:00ACH         LINE#         512
  C:00ADH         LINE#         513
  C:00AEH         LINE#         516
  C:00B0H         LINE#         517
  C:00B3H         LINE#         518
  C:00B5H         LINE#         520
  C:00B6H         LINE#         522
  C:00B7H         LINE#         523
  C:00B8H         LINE#         524
  C:00B9H         LINE#         525
  C:00BAH         LINE#         529
  C:00BCH         LINE#         530
  C:00BDH         LINE#         531
  C:00BFH         LINE#         535
  C:00C1H         LINE#         536
  C:00C2H         LINE#         537
  C:00C3H         LINE#         539
  C:00C5H         LINE#         543
  C:00C7H         LINE#         544
  C:00C9H         LINE#         545
  C:00CAH         LINE#         546
  C:00CBH         LINE#         548
  C:00CDH         LINE#         549
  C:00CFH         LINE#         559
  C:00D1H         LINE#         560
  C:00D2H         LINE#         561
  C:00D4H         LINE#         562
  C:00D5H         LINE#         563
  C:00D7H         LINE#         564
  C:00D9H         LINE#         565
  C:00DAH         LINE#         571
BL51 BANKED LINKER/LOCATER V6.22                                                      03/05/2015  22:21:41  PAGE 9


  C:00DDH         LINE#         572
  C:00E0H         LINE#         576
  C:00E2H         LINE#         577
  C:00E5H         LINE#         578
  C:00E8H         LINE#         580
  C:00EAH         LINE#         581
  C:00ECH         LINE#         583
  C:00EEH         LINE#         584
  C:00EFH         LINE#         585
  C:00F1H         LINE#         587
  C:00F3H         LINE#         588
  C:00F5H         LINE#         601
  C:00F6H         LINE#         642
  C:00F8H         LINE#         643
  C:00FAH         LINE#         644
  C:00FCH         LINE#         645
  C:00FEH         LINE#         646
  C:00FFH         LINE#         647
  C:0100H         LINE#         648
  C:0102H         LINE#         649
  C:0104H         LINE#         650
  C:0106H         LINE#         651
  C:0107H         LINE#         652
  C:0109H         LINE#         653
  C:010AH         LINE#         654
  C:010BH         LINE#         655
  C:010CH         LINE#         656
  C:010DH         LINE#         657
  C:010FH         LINE#         658
  C:0111H         LINE#         659
  C:0113H         LINE#         660
  C:0116H         LINE#         661
  C:0118H         LINE#         662
  C:0119H         LINE#         663
  C:011BH         LINE#         664
  C:011CH         LINE#         665
  C:011DH         LINE#         666
  C:011FH         LINE#         670
  C:0122H         LINE#         671
  C:0125H         LINE#         672
  C:0128H         LINE#         673
  C:012AH         LINE#         674
  C:012CH         LINE#         675
  C:012EH         LINE#         676
  -------         ENDMOD        ?RTX51_TINY_KERNAL

  -------         MODULE        LED_DISPLAY
  C:0000H         SYMBOL        _ICE_DUMMY_
  D:0080H         PUBLIC        P0
  D:0090H         PUBLIC        P1
  D:00A0H         PUBLIC        P2
  D:00B0H         PUBLIC        P3
  C:056AH         PUBLIC        LedDisplayInit
  C:04AFH         PUBLIC        SegTable
  D:00A8H         PUBLIC        IE
  D:0019H         PUBLIC        LedDisplayBuf
  D:00B8H         PUBLIC        IP
BL51 BANKED LINKER/LOCATER V6.22                                                      03/05/2015  22:21:41  PAGE 10


  C:03EFH         PUBLIC        _LedDisplayPuts
  C:046FH         SYMBOL        LedShowTable
  B:00A0H.6       PUBLIC        dula
  B:00A0H.7       PUBLIC        wela
  D:0098H         PUBLIC        SCON
  D:0088H         PUBLIC        TCON
  D:001FH         SYMBOL        iIndex
  D:00C8H         PUBLIC        T2CON
  C:04F1H         PUBLIC        LedDisplayScan
  D:00D0H         PUBLIC        PSW
  -------         PROC          LEDDISPLAYINIT
  C:056AH         LINE#         30
  C:056AH         LINE#         31
  C:056AH         LINE#         32
  C:056CH         LINE#         33
  -------         ENDPROC       LEDDISPLAYINIT
  -------         PROC          LEDDISPLAYSCAN
  -------         DO            
  D:0018H         SYMBOL        iIndex
  -------         ENDDO         
  C:04F1H         LINE#         41
  C:04F1H         LINE#         42
  C:04F1H         LINE#         46
  C:04F3H         LINE#         47
  C:04F6H         LINE#         48
  C:04F8H         LINE#         50
  C:04FAH         LINE#         51
  C:050FH         LINE#         52
  C:0511H         LINE#         53
  C:0513H         LINE#         54
  C:051BH         LINE#         55
  C:051DH         LINE#         57
  C:0522H         LINE#         58
  C:0525H         LINE#         59
  C:0526H         LINE#         60
  C:0526H         LINE#         61
  C:0528H         LINE#         62
  C:0528H         LINE#         63
  -------         ENDPROC       LEDDISPLAYSCAN
  -------         PROC          _LEDDISPLAYPUTS
  D:0021H         SYMBOL        pcstr
  -------         DO            
  D:0007H         SYMBOL        i
  D:0006H         SYMBOL        j
  -------         ENDDO         
  C:03EFH         LINE#         68
  C:03F5H         LINE#         69
  C:03F5H         LINE#         71
  C:03FAH         LINE#         72
  C:03FAH         LINE#         73
  C:03FDH         LINE#         74
  C:03FDH         LINE#         75
  C:03FFH         LINE#         76
  C:03FFH         LINE#         77
  C:040BH         LINE#         78
  C:040BH         LINE#         79
  C:0411H         LINE#         80
BL51 BANKED LINKER/LOCATER V6.22                                                      03/05/2015  22:21:41  PAGE 11


  C:0411H         LINE#         81
  C:0415H         LINE#         82
  C:0415H         LINE#         83
  C:0416H         LINE#         84
  C:041EH         LINE#         85
  C:0420H         LINE#         87
  C:0420H         LINE#         88
  C:0433H         LINE#         89
  C:0433H         LINE#         90
  C:0440H         LINE#         91
  C:0440H         LINE#         92
  C:0455H         LINE#         93
  C:0457H         LINE#         94
  C:0457H         LINE#         96
  C:045AH         LINE#         97
  C:0465H         LINE#         98
  C:0465H         LINE#         99
  C:046CH         LINE#         100
  C:046EH         LINE#         101
  -------         ENDPROC       _LEDDISPLAYPUTS
  -------         ENDMOD        LED_DISPLAY

  -------         MODULE        ?C?CLDPTR
  C:0529H         PUBLIC        ?C?CLDPTR
  -------         ENDMOD        ?C?CLDPTR

*** WARNING L16: UNCALLED SEGMENT, IGNORED FOR OVERLAY PROCESS
    SEGMENT: ?PR?_LEDDISPLAYPUTS?LED_DISPLAY

Program Size: data=50.1 xdata=0 code=1389
LINK/LOCATE RUN COMPLETE.  1 WARNING(S),  0 ERROR(S)
